PLINK v2.0.0-a.6.14LM AVX2 Intel (30 May 2025)
Options in effect:
  --bfile /mnt/hdd_1/rediet/hypothesis-generation-demo/finemapping_susie_abdu_v2/finemapping/data/1000Genomes_phase3/plink_format_b37/EUR/EUR.16.1000Gp3.20130502
  --chr 16
  --export bgen-1.2
  --out results

Hostname: dl
Working directory: /mnt/hdd_1/rediet/hypothesis-generation-demo/ld_store
Start time: Tue Sep 23 00:41:03 2025

Random number seed: 1758613263
257418 MiB RAM detected, ~38082 available; reserving 38018 MiB for main
workspace.
Using up to 28 threads (change this with --threads).
503 samples (0 females, 0 males, 503 ambiguous; 503 founders) loaded from
/mnt/hdd_1/rediet/hypothesis-generation-demo/finemapping_susie_abdu_v2/finemapping/data/1000Genomes_phase3/plink_format_b37/EUR/EUR.16.1000Gp3.20130502.fam.
428211 variants loaded from
/mnt/hdd_1/rediet/hypothesis-generation-demo/finemapping_susie_abdu_v2/finemapping/data/1000Genomes_phase3/plink_format_b37/EUR/EUR.16.1000Gp3.20130502.bim.
Note: No phenotype data present.
Writing results.bgen ... done.
Writing results.sample ... done.

End time: Tue Sep 23 00:41:04 2025
